203.0.113.45 - - [01/May/2026:00:02:11 +0900] "GET / HTTP/1.1" 200 6123 "-" "Mozilla/5.0 (Macintosh; Intel Mac OS X 14_4) AppleWebKit/605.1.15 (KHTML, like Gecko) Version/17.4 Safari/605.1.15"
198.51.100.23 - - [01/May/2026:00:03:05 +0900] "GET /assets/app.css HTTP/1.1" 200 18402 "https://example.internal/" "Mozilla/5.0 (Windows NT 10.0; Win64; x64) AppleWebKit/537.36 (KHTML, like Gecko) Chrome/123.0.0.0 Safari/537.36"
192.0.2.77 - - [01/May/2026:00:03:09 +0900] "GET /assets/app.js HTTP/1.1" 200 231144 "https://example.internal/" "Mozilla/5.0 (Windows NT 10.0; Win64; x64) AppleWebKit/537.36 (KHTML, like Gecko) Chrome/123.0.0.0 Safari/537.36"
203.0.113.12 - - [01/May/2026:00:04:44 +0900] "GET /favicon.ico HTTP/1.1" 404 209 "https://example.internal/" "Mozilla/5.0 (X11; Linux x86_64) Gecko/20100101 Firefox/124.0"
10.12.4.19 - - [01/May/2026:00:05:13 +0900] "GET /health HTTP/1.1" 200 17 "-" "curl/8.6.0"
172.16.2.8 - - [01/May/2026:00:06:02 +0900] "GET /api/status HTTP/1.1" 200 241 "-" "Prometheus/2.52.0"
198.51.100.23 - - [01/May/2026:00:06:11 +0900] "GET /images/logo.png HTTP/1.1" 200 48211 "https://example.internal/" "Mozilla/5.0 (Windows NT 10.0; Win64; x64) AppleWebKit/537.36 (KHTML, like Gecko) Chrome/123.0.0.0 Safari/537.36"
203.0.113.88 - - [01/May/2026:00:07:45 +0900] "GET /docs HTTP/1.1" 301 169 "-" "Mozilla/5.0 (Macintosh; Intel Mac OS X 14_4) AppleWebKit/537.36 (KHTML, like Gecko) Chrome/123.0.0.0 Safari/537.36"
203.0.113.88 - - [01/May/2026:00:07:46 +0900] "GET /docs/ HTTP/1.1" 200 9321 "https://example.internal/docs" "Mozilla/5.0 (Macintosh; Intel Mac OS X 14_4) AppleWebKit/537.36 (KHTML, like Gecko) Chrome/123.0.0.0 Safari/537.36"
192.0.2.140 - - [01/May/2026:00:09:10 +0900] "GET /api/products?page=1 HTTP/1.1" 200 1289 "-" "python-requests/2.32.3"
192.0.2.140 - - [01/May/2026:00:09:12 +0900] "GET /api/products?page=2 HTTP/1.1" 200 1310 "-" "python-requests/2.32.3"
198.51.100.56 - - [01/May/2026:00:10:41 +0900] "GET /search?q=router HTTP/1.1" 200 5420 "https://example.internal/" "Mozilla/5.0 (iPhone; CPU iPhone OS 17_4 like Mac OS X) AppleWebKit/605.1.15 (KHTML, like Gecko) Version/17.4 Mobile/15E148 Safari/604.1"
198.51.100.56 - - [01/May/2026:00:10:45 +0900] "GET /api/search?q=router HTTP/1.1" 200 908 "-" "Mozilla/5.0 (iPhone; CPU iPhone OS 17_4 like Mac OS X) AppleWebKit/605.1.15 (KHTML, like Gecko) Version/17.4 Mobile/15E148 Safari/604.1"
203.0.113.19 - - [01/May/2026:00:12:05 +0900] "POST /api/login HTTP/1.1" 200 512 "https://example.internal/login" "Mozilla/5.0 (Windows NT 10.0; Win64; x64; rv:124.0) Gecko/20100101 Firefox/124.0"
203.0.113.19 - - [01/May/2026:00:12:06 +0900] "GET /dashboard HTTP/1.1" 200 10423 "https://example.internal/" "Mozilla/5.0 (Windows NT 10.0; Win64; x64; rv:124.0) Gecko/20100101 Firefox/124.0"
203.0.113.19 - - [01/May/2026:00:12:20 +0900] "GET /api/me HTTP/1.1" 200 634 "https://example.internal/dashboard" "Mozilla/5.0 (Windows NT 10.0; Win64; x64; rv:124.0) Gecko/20100101 Firefox/124.0"
192.0.2.9 - - [01/May/2026:00:13:33 +0900] "GET /admin HTTP/1.1" 403 153 "-" "Mozilla/5.0 (X11; Linux x86_64) AppleWebKit/537.36 (KHTML, like Gecko) Chrome/122.0.0.0 Safari/537.36"
192.0.2.9 - - [01/May/2026:00:13:35 +0900] "GET /admin/login HTTP/1.1" 404 209 "-" "Mozilla/5.0 (X11; Linux x86_64) AppleWebKit/537.36 (KHTML, like Gecko) Chrome/122.0.0.0 Safari/537.36"
203.0.113.101 - - [01/May/2026:00:15:02 +0900] "GET /api/orders?limit=20 HTTP/1.1" 401 276 "-" "PostmanRuntime/7.36.1"
203.0.113.101 - - [01/May/2026:00:15:05 +0900] "POST /api/login HTTP/1.1" 200 514 "-" "PostmanRuntime/7.36.1"
203.0.113.101 - - [01/May/2026:00:15:07 +0900] "GET /api/orders?limit=20 HTTP/1.1" 200 2143 "-" "PostmanRuntime/7.36.1"
198.51.100.201 - - [01/May/2026:00:17:29 +0900] "GET / HTTP/1.1" 304 0 "-" "Mozilla/5.0 (Macintosh; Intel Mac OS X 14_4) AppleWebKit/537.36 (KHTML, like Gecko) Chrome/123.0.0.0 Safari/537.36"
198.51.100.201 - - [01/May/2026:00:17:30 +0900] "GET /assets/app.js HTTP/1.1" 304 0 "https://example.internal/" "Mozilla/5.0 (Macintosh; Intel Mac OS X 14_4) AppleWebKit/537.36 (KHTML, like Gecko) Chrome/123.0.0.0 Safari/537.36"
203.0.113.66 - - [01/May/2026:00:18:55 +0900] "GET /reports/weekly.pdf HTTP/1.1" 200 822144 "https://example.internal/reports" "Mozilla/5.0 (Windows NT 10.0; Win64; x64) AppleWebKit/537.36 (KHTML, like Gecko) Chrome/123.0.0.0 Safari/537.36"
198.51.100.7 - - [01/May/2026:00:20:04 +0900] "GET /api/products/42 HTTP/1.1" 200 981 "-" "python-requests/2.32.3"
198.51.100.7 - - [01/May/2026:00:20:08 +0900] "PUT /api/cart HTTP/1.1" 204 0 "-" "python-requests/2.32.3"
192.0.2.33 - - [01/May/2026:00:22:17 +0900] "GET /sitemap.xml HTTP/1.1" 200 2311 "-" "Mozilla/5.0 (compatible; Googlebot/2.1; +http://www.google.com/bot.html)"
192.0.2.33 - - [01/May/2026:00:22:19 +0900] "GET /robots.txt HTTP/1.1" 200 181 "-" "Mozilla/5.0 (compatible; Googlebot/2.1; +http://www.google.com/bot.html)"
198.51.100.89 - - [01/May/2026:00:24:49 +0900] "GET /api/search?q=%27%20OR%201%3D1-- HTTP/1.1" 400 392 "-" "Mozilla/5.0 (X11; Linux x86_64) AppleWebKit/537.36 (KHTML, like Gecko) Chrome/122.0.0.0 Safari/537.36"
198.51.100.89 - - [01/May/2026:00:24:51 +0900] "GET /api/search?q=%3Cscript%3Ealert(1)%3C%2Fscript%3E HTTP/1.1" 400 401 "-" "Mozilla/5.0 (X11; Linux x86_64) AppleWebKit/537.36 (KHTML, like Gecko) Chrome/122.0.0.0 Safari/537.36"
203.0.113.211 - - [01/May/2026:00:26:03 +0900] "GET /login HTTP/1.1" 200 4120 "-" "Mozilla/5.0 (Windows NT 10.0; Win64; x64) AppleWebKit/537.36 (KHTML, like Gecko) Chrome/123.0.0.0 Safari/537.36"
203.0.113.211 - - [01/May/2026:00:26:09 +0900] "POST /api/login HTTP/1.1" 401 331 "https://example.internal/login" "Mozilla/5.0 (Windows NT 10.0; Win64; x64) AppleWebKit/537.36 (KHTML, like Gecko) Chrome/123.0.0.0 Safari/537.36"
203.0.113.211 - - [01/May/2026:00:27:01 +0900] "POST /api/login HTTP/1.1" 200 514 "https://example.internal/login" "Mozilla/5.0 (Windows NT 10.0; Win64; x64) AppleWebKit/537.36 (KHTML, like Gecko) Chrome/123.0.0.0 Safari/537.36"
203.0.113.211 - - [01/May/2026:00:27:02 +0900] "GET /dashboard HTTP/1.1" 200 10417 "https://example.internal/" "Mozilla/5.0 (Windows NT 10.0; Win64; x64) AppleWebKit/537.36 (KHTML, like Gecko) Chrome/123.0.0.0 Safari/537.36"
192.0.2.121 - - [01/May/2026:00:29:40 +0900] "GET /api/metrics HTTP/1.1" 403 153 "-" "curl/8.6.0"
10.12.4.19 - - [01/May/2026:00:30:12 +0900] "GET /health HTTP/1.1" 200 17 "-" "curl/8.6.0"
203.0.113.56 - - [01/May/2026:00:33:21 +0900] "GET /products HTTP/1.1" 200 7312 "https://example.internal/" "Mozilla/5.0 (Macintosh; Intel Mac OS X 14_4) AppleWebKit/537.36 (KHTML, like Gecko) Chrome/123.0.0.0 Safari/537.36"
203.0.113.56 - - [01/May/2026:00:33:24 +0900] "GET /api/products?page=1 HTTP/1.1" 200 1291 "https://example.internal/products" "Mozilla/5.0 (Macintosh; Intel Mac OS X 14_4) AppleWebKit/537.36 (KHTML, like Gecko) Chrome/123.0.0.0 Safari/537.36"
198.51.100.64 - - [01/May/2026:00:36:58 +0900] "GET /checkout HTTP/1.1" 302 0 "https://example.internal/cart" "Mozilla/5.0 (iPad; CPU OS 17_4 like Mac OS X) AppleWebKit/605.1.15 (KHTML, like Gecko) Version/17.4 Mobile/15E148 Safari/604.1"
198.51.100.64 - - [01/May/2026:00:36:59 +0900] "GET /login?next=%2Fcheckout HTTP/1.1" 200 4140 "https://example.internal/cart" "Mozilla/5.0 (iPad; CPU OS 17_4 like Mac OS X) AppleWebKit/605.1.15 (KHTML, like Gecko) Version/17.4 Mobile/15E148 Safari/604.1"
198.51.100.64 - - [01/May/2026:00:37:11 +0900] "POST /api/login HTTP/1.1" 200 513 "https://example.internal/login?next=%2Fcheckout" "Mozilla/5.0 (iPad; CPU OS 17_4 like Mac OS X) AppleWebKit/605.1.15 (KHTML, like Gecko) Version/17.4 Mobile/15E148 Safari/604.1"
198.51.100.64 - - [01/May/2026:00:37:12 +0900] "GET /checkout HTTP/1.1" 200 6533 "https://example.internal/" "Mozilla/5.0 (iPad; CPU OS 17_4 like Mac OS X) AppleWebKit/605.1.15 (KHTML, like Gecko) Version/17.4 Mobile/15E148 Safari/604.1"
192.0.2.44 - - [01/May/2026:00:40:05 +0900] "GET /.env HTTP/1.1" 404 209 "-" "Mozilla/5.0 (X11; Linux x86_64) AppleWebKit/537.36 (KHTML, like Gecko) Chrome/122.0.0.0 Safari/537.36"
192.0.2.44 - - [01/May/2026:00:40:07 +0900] "GET /wp-login.php HTTP/1.1" 404 209 "-" "Mozilla/5.0 (X11; Linux x86_64) AppleWebKit/537.36 (KHTML, like Gecko) Chrome/122.0.0.0 Safari/537.36"
203.0.113.7 - - [01/May/2026:00:42:19 +0900] "GET /api/orders HTTP/1.1" 200 2501 "https://example.internal/dashboard" "Mozilla/5.0 (Windows NT 10.0; Win64; x64; rv:124.0) Gecko/20100101 Firefox/124.0"
203.0.113.7 - - [01/May/2026:00:42:21 +0900] "GET /api/orders/9182 HTTP/1.1" 200 1087 "https://example.internal/dashboard" "Mozilla/5.0 (Windows NT 10.0; Win64; x64; rv:124.0) Gecko/20100101 Firefox/124.0"
198.51.100.129 - - [01/May/2026:00:45:02 +0900] "GET /api/products?page=5 HTTP/1.1" 200 1320 "-" "python-requests/2.32.3"
198.51.100.129 - - [01/May/2026:00:45:05 +0900] "GET /api/products?page=6 HTTP/1.1" 200 1318 "-" "python-requests/2.32.3"
203.0.113.199 - - [01/May/2026:00:47:33 +0900] "GET /static/fonts/inter.woff2 HTTP/1.1" 200 192344 "https://example.internal/" "Mozilla/5.0 (Macintosh; Intel Mac OS X 14_4) AppleWebKit/537.36 (KHTML, like Gecko) Chrome/123.0.0.0 Safari/537.36"
203.0.113.199 - - [01/May/2026:00:47:36 +0900] "GET /assets/app.css HTTP/1.1" 200 18402 "https://example.internal/" "Mozilla/5.0 (Macintosh; Intel Mac OS X 14_4) AppleWebKit/537.36 (KHTML, like Gecko) Chrome/123.0.0.0 Safari/537.36"
192.0.2.188 - - [01/May/2026:00:49:51 +0900] "GET /api/products/999999 HTTP/1.1" 404 248 "-" "PostmanRuntime/7.36.1"
203.0.113.45 - - [01/May/2026:00:52:10 +0900] "GET / HTTP/1.1" 200 6123 "-" "Mozilla/5.0 (Macintosh; Intel Mac OS X 14_4) AppleWebKit/605.1.15 (KHTML, like Gecko) Version/17.4 Safari/605.1.15"
203.0.113.45 - - [01/May/2026:00:52:13 +0900] "GET /assets/app.js HTTP/1.1" 200 231144 "https://example.internal/" "Mozilla/5.0 (Macintosh; Intel Mac OS X 14_4) AppleWebKit/605.1.15 (KHTML, like Gecko) Version/17.4 Safari/605.1.15"
198.51.100.23 - - [01/May/2026:00:55:44 +0900] "GET /cart HTTP/1.1" 200 5210 "https://example.internal/products" "Mozilla/5.0 (Windows NT 10.0; Win64; x64) AppleWebKit/537.36 (KHTML, like Gecko) Chrome/123.0.0.0 Safari/537.36"

203.0.113.12 - - [02/May/2026:00:01:14 +0900] "GET / HTTP/1.1" 200 6120 "-" "Mozilla/5.0 (Windows NT 10.0; Win64; x64) AppleWebKit/537.36 (KHTML, like Gecko) Chrome/123.0.0.0 Safari/537.36"
203.0.113.12 - - [02/May/2026:00:01:18 +0900] "GET /assets/app.css HTTP/1.1" 200 18402 "https://example.internal/" "Mozilla/5.0 (Windows NT 10.0; Win64; x64) AppleWebKit/537.36 (KHTML, like Gecko) Chrome/123.0.0.0 Safari/537.36"
203.0.113.12 - - [02/May/2026:00:01:21 +0900] "GET /assets/app.js HTTP/1.1" 200 231144 "https://example.internal/" "Mozilla/5.0 (Windows NT 10.0; Win64; x64) AppleWebKit/537.36 (KHTML, like Gecko) Chrome/123.0.0.0 Safari/537.36"
198.51.100.77 - - [02/May/2026:00:03:42 +0900] "GET /products HTTP/1.1" 200 7321 "https://example.internal/" "Mozilla/5.0 (X11; Linux x86_64) Gecko/20100101 Firefox/124.0"
198.51.100.77 - - [02/May/2026:00:03:46 +0900] "GET /api/products?page=1 HTTP/1.1" 200 1292 "https://example.internal/products" "Mozilla/5.0 (X11; Linux x86_64) Gecko/20100101 Firefox/124.0"
192.0.2.61 - - [02/May/2026:00:05:04 +0900] "GET /search?q=firewall HTTP/1.1" 200 5480 "-" "Mozilla/5.0 (iPhone; CPU iPhone OS 17_4 like Mac OS X) AppleWebKit/605.1.15 (KHTML, like Gecko) Version/17.4 Mobile/15E148 Safari/604.1"
192.0.2.61 - - [02/May/2026:00:05:08 +0900] "GET /api/search?q=firewall HTTP/1.1" 200 904 "-" "Mozilla/5.0 (iPhone; CPU iPhone OS 17_4 like Mac OS X) AppleWebKit/605.1.15 (KHTML, like Gecko) Version/17.4 Mobile/15E148 Safari/604.1"
203.0.113.9 - - [02/May/2026:00:06:30 +0900] "GET /login HTTP/1.1" 200 4120 "-" "Mozilla/5.0 (Macintosh; Intel Mac OS X 14_4) AppleWebKit/605.1.15 (KHTML, like Gecko) Version/17.4 Safari/605.1.15"
203.0.113.9 - - [02/May/2026:00:06:40 +0900] "POST /api/login HTTP/1.1" 429 312 "https://example.internal/login" "Mozilla/5.0 (Macintosh; Intel Mac OS X 14_4) AppleWebKit/605.1.15 (KHTML, like Gecko) Version/17.4 Safari/605.1.15"
203.0.113.9 - - [02/May/2026:00:07:01 +0900] "POST /api/login HTTP/1.1" 200 514 "https://example.internal/login" "Mozilla/5.0 (Macintosh; Intel Mac OS X 14_4) AppleWebKit/605.1.15 (KHTML, like Gecko) Version/17.4 Safari/605.1.15"
203.0.113.9 - - [02/May/2026:00:07:02 +0900] "GET /dashboard HTTP/1.1" 200 10411 "https://example.internal/" "Mozilla/5.0 (Macintosh; Intel Mac OS X 14_4) AppleWebKit/605.1.15 (KHTML, like Gecko) Version/17.4 Safari/605.1.15"
198.51.100.18 - - [02/May/2026:00:08:15 +0900] "GET /api/orders HTTP/1.1" 401 276 "-" "PostmanRuntime/7.36.1"
198.51.100.18 - - [02/May/2026:00:08:19 +0900] "POST /api/login HTTP/1.1" 200 513 "-" "PostmanRuntime/7.36.1"
198.51.100.18 - - [02/May/2026:00:08:22 +0900] "GET /api/orders HTTP/1.1" 200 2488 "-" "PostmanRuntime/7.36.1"
192.0.2.14 - - [02/May/2026:00:10:03 +0900] "GET /admin HTTP/1.1" 403 153 "-" "Mozilla/5.0 (X11; Linux x86_64) AppleWebKit/537.36 (KHTML, like Gecko) Chrome/122.0.0.0 Safari/537.36"
192.0.2.14 - - [02/May/2026:00:10:09 +0900] "GET /admin/ HTTP/1.1" 403 153 "-" "Mozilla/5.0 (X11; Linux x86_64) AppleWebKit/537.36 (KHTML, like Gecko) Chrome/122.0.0.0 Safari/537.36"
198.51.100.89 - - [02/May/2026:00:11:44 +0900] "GET /wp-admin HTTP/1.1" 404 209 "-" "Mozilla/5.0 (compatible; AhrefsBot/7.0; +http://ahrefs.com/robot/)"
198.51.100.89 - - [02/May/2026:00:11:46 +0900] "GET /wp-login.php HTTP/1.1" 404 209 "-" "Mozilla/5.0 (compatible; AhrefsBot/7.0; +http://ahrefs.com/robot/)"
203.0.113.77 - - [02/May/2026:00:12:55 +0900] "GET /reports HTTP/1.1" 200 4211 "https://example.internal/" "Mozilla/5.0 (Windows NT 10.0; Win64; x64; rv:124.0) Gecko/20100101 Firefox/124.0"
203.0.113.77 - - [02/May/2026:00:13:01 +0900] "GET /reports/weekly.pdf HTTP/1.1" 200 822144 "https://example.internal/reports" "Mozilla/5.0 (Windows NT 10.0; Win64; x64; rv:124.0) Gecko/20100101 Firefox/124.0"
192.0.2.208 - - [02/May/2026:00:14:20 +0900] "GET /api/products/42 HTTP/1.1" 200 982 "-" "python-requests/2.32.3"
192.0.2.208 - - [02/May/2026:00:14:23 +0900] "PUT /api/cart HTTP/1.1" 204 0 "-" "python-requests/2.32.3"
203.0.113.201 - - [02/May/2026:00:16:40 +0900] "GET /checkout HTTP/1.1" 302 0 "https://example.internal/cart" "Mozilla/5.0 (iPad; CPU OS 17_4 like Mac OS X) AppleWebKit/605.1.15 (KHTML, like Gecko) Version/17.4 Mobile/15E148 Safari/604.1"
203.0.113.201 - - [02/May/2026:00:16:41 +0900] "GET /login?next=%2Fcheckout HTTP/1.1" 200 4140 "https://example.internal/cart" "Mozilla/5.0 (iPad; CPU OS 17_4 like Mac OS X) AppleWebKit/605.1.15 (KHTML, like Gecko) Version/17.4 Mobile/15E148 Safari/604.1"
203.0.113.201 - - [02/May/2026:00:16:52 +0900] "POST /api/login HTTP/1.1" 200 513 "https://example.internal/login?next=%2Fcheckout" "Mozilla/5.0 (iPad; CPU OS 17_4 like Mac OS X) AppleWebKit/605.1.15 (KHTML, like Gecko) Version/17.4 Mobile/15E148 Safari/604.1"
203.0.113.201 - - [02/May/2026:00:16:53 +0900] "GET /checkout HTTP/1.1" 200 6533 "https://example.internal/" "Mozilla/5.0 (iPad; CPU OS 17_4 like Mac OS X) AppleWebKit/605.1.15 (KHTML, like Gecko) Version/17.4 Mobile/15E148 Safari/604.1"
198.51.100.31 - - [02/May/2026:00:18:10 +0900] "GET /api/search?q=%3Cscript%3Ealert(1)%3C%2Fscript%3E HTTP/1.1" 400 401 "-" "Mozilla/5.0 (X11; Linux x86_64) AppleWebKit/537.36 (KHTML, like Gecko) Chrome/122.0.0.0 Safari/537.36"
198.51.100.31 - - [02/May/2026:00:18:12 +0900] "GET /api/search?q=%27%20OR%201%3D1-- HTTP/1.1" 400 392 "-" "Mozilla/5.0 (X11; Linux x86_64) AppleWebKit/537.36 (KHTML, like Gecko) Chrome/122.0.0.0 Safari/537.36"
203.0.113.145 - - [02/May/2026:00:19:45 +0900] "GET /api/products?page=3 HTTP/1.1" 200 1302 "-" "python-requests/2.32.3"
203.0.113.145 - - [02/May/2026:00:19:48 +0900] "GET /api/products?page=4 HTTP/1.1" 200 1311 "-" "python-requests/2.32.3"
10.12.4.19 - - [02/May/2026:00:20:01 +0900] "GET /health HTTP/1.1" 200 17 "-" "curl/8.6.0"
172.16.2.8 - - [02/May/2026:00:20:35 +0900] "GET /api/status HTTP/1.1" 200 242 "-" "Prometheus/2.52.0"
192.0.2.33 - - [02/May/2026:00:22:03 +0900] "GET / HTTP/1.1" 304 0 "-" "Mozilla/5.0 (Macintosh; Intel Mac OS X 14_4) AppleWebKit/537.36 (KHTML, like Gecko) Chrome/123.0.0.0 Safari/537.36"
203.0.113.45 - - [02/May/2026:00:23:18 +0900] "GET /static/fonts/inter.woff2 HTTP/1.1" 200 192344 "https://example.internal/" "Mozilla/5.0 (Macintosh; Intel Mac OS X 14_4) AppleWebKit/537.36 (KHTML, like Gecko) Chrome/123.0.0.0 Safari/537.36"
198.51.100.64 - - [02/May/2026:00:25:29 +0900] "GET /api/products/999999 HTTP/1.1" 404 248 "-" "PostmanRuntime/7.36.1"
203.0.113.33 - - [02/May/2026:00:27:51 +0900] "GET /images/banner.jpg HTTP/1.1" 200 318441 "https://example.internal/" "Mozilla/5.0 (Windows NT 10.0; Win64; x64) AppleWebKit/537.36 (KHTML, like Gecko) Chrome/123.0.0.0 Safari/537.36"
203.0.113.33 - - [02/May/2026:00:27:54 +0900] "GET /products/42 HTTP/1.1" 200 8231 "https://example.internal/products" "Mozilla/5.0 (Windows NT 10.0; Win64; x64) AppleWebKit/537.36 (KHTML, like Gecko) Chrome/123.0.0.0 Safari/537.36"
192.0.2.99 - - [02/May/2026:00:29:07 +0900] "POST /api/checkout HTTP/1.1" 500 623 "https://example.internal/checkout" "Mozilla/5.0 (Windows NT 10.0; Win64; x64) AppleWebKit/537.36 (KHTML, like Gecko) Chrome/123.0.0.0 Safari/537.36"
192.0.2.99 - - [02/May/2026:00:29:11 +0900] "POST /api/checkout HTTP/1.1" 200 712 "https://example.internal/checkout" "Mozilla/5.0 (Windows NT 10.0; Win64; x64) AppleWebKit/537.36 (KHTML, like Gecko) Chrome/123.0.0.0 Safari/537.36"
192.0.2.146 - - [02/May/2026:00:31:22 +0900] "GET /docs/ HTTP/1.1" 200 9321 "-" "Mozilla/5.0 (X11; Linux x86_64) Gecko/20100101 Firefox/124.0"
192.0.2.146 - - [02/May/2026:00:31:29 +0900] "GET /docs/api HTTP/1.1" 200 10444 "https://example.internal/docs/" "Mozilla/5.0 (X11; Linux x86_64) Gecko/20100101 Firefox/124.0"
198.51.100.23 - - [02/May/2026:00:33:03 +0900] "GET /cart HTTP/1.1" 200 5216 "https://example.internal/products/42" "Mozilla/5.0 (Windows NT 10.0; Win64; x64) AppleWebKit/537.36 (KHTML, like Gecko) Chrome/123.0.0.0 Safari/537.36"
203.0.113.7 - - [02/May/2026:00:35:31 +0900] "GET /api/orders?limit=20 HTTP/1.1" 200 2143 "https://example.internal/dashboard" "Mozilla/5.0 (Windows NT 10.0; Win64; x64; rv:124.0) Gecko/20100101 Firefox/124.0"
192.0.2.44 - - [02/May/2026:00:36:45 +0900] "GET /server-status HTTP/1.1" 404 209 "-" "Mozilla/5.0 (compatible; zgrab/0.x)"
198.51.100.56 - - [02/May/2026:00:40:02 +0900] "GET / HTTP/1.1" 200 6123 "-" "Mozilla/5.0 (iPhone; CPU iPhone OS 17_4 like Mac OS X) AppleWebKit/605.1.15 (KHTML, like Gecko) Version/17.4 Mobile/15E148 Safari/604.1"
198.51.100.56 - - [02/May/2026:00:40:07 +0900] "GET /assets/app.js HTTP/1.1" 200 231144 "https://example.internal/" "Mozilla/5.0 (iPhone; CPU iPhone OS 17_4 like Mac OS X) AppleWebKit/605.1.15 (KHTML, like Gecko) Version/17.4 Mobile/15E148 Safari/604.1"
203.0.113.19 - - [02/May/2026:00:44:20 +0900] "GET /api/me HTTP/1.1" 200 634 "https://example.internal/dashboard" "Mozilla/5.0 (Windows NT 10.0; Win64; x64; rv:124.0) Gecko/20100101 Firefox/124.0"
203.0.113.19 - - [02/May/2026:00:44:23 +0900] "POST /api/logout HTTP/1.1" 204 0 "https://example.internal/dashboard" "Mozilla/5.0 (Windows NT 10.0; Win64; x64; rv:124.0) Gecko/20100101 Firefox/124.0"
198.51.100.201 - - [02/May/2026:00:47:59 +0900] "GET /api/products?page=7 HTTP/1.1" 200 1319 "-" "python-requests/2.32.3"
198.51.100.201 - - [02/May/2026:00:48:03 +0900] "GET /api/products?page=8 HTTP/1.1" 200 1321 "-" "python-requests/2.32.3"
203.0.113.88 - - [02/May/2026:00:51:22 +0900] "GET /reports/sales.xlsx HTTP/1.1" 200 181044 "https://example.internal/reports" "Mozilla/5.0 (Macintosh; Intel Mac OS X 14_4) AppleWebKit/537.36 (KHTML, like Gecko) Chrome/123.0.0.0 Safari/537.36"
192.0.2.121 - - [02/May/2026:00:54:10 +0900] "GET /api/metrics HTTP/1.1" 403 153 "-" "curl/8.6.0"

203.0.113.77 - - [03/May/2026:00:00:33 +0900] "GET / HTTP/1.1" 200 6123 "-" "Mozilla/5.0 (Windows NT 10.0; Win64; x64) AppleWebKit/537.36 (KHTML, like Gecko) Chrome/123.0.0.0 Safari/537.36"
203.0.113.77 - - [03/May/2026:00:00:36 +0900] "GET /assets/app.css HTTP/1.1" 200 18402 "https://example.internal/" "Mozilla/5.0 (Windows NT 10.0; Win64; x64) AppleWebKit/537.36 (KHTML, like Gecko) Chrome/123.0.0.0 Safari/537.36"
203.0.113.77 - - [03/May/2026:00:00:40 +0900] "GET /assets/app.js HTTP/1.1" 200 231144 "https://example.internal/" "Mozilla/5.0 (Windows NT 10.0; Win64; x64) AppleWebKit/537.36 (KHTML, like Gecko) Chrome/123.0.0.0 Safari/537.36"
198.51.100.90 - - [03/May/2026:00:02:20 +0900] "GET /products HTTP/1.1" 200 7320 "-" "Mozilla/5.0 (Macintosh; Intel Mac OS X 14_4) AppleWebKit/605.1.15 (KHTML, like Gecko) Version/17.4 Safari/605.1.15"
198.51.100.90 - - [03/May/2026:00:02:24 +0900] "GET /products/42 HTTP/1.1" 200 8235 "https://example.internal/products" "Mozilla/5.0 (Macintosh; Intel Mac OS X 14_4) AppleWebKit/605.1.15 (KHTML, like Gecko) Version/17.4 Safari/605.1.15"
203.0.113.56 - - [03/May/2026:00:03:59 +0900] "GET /api/products?page=1 HTTP/1.1" 200 1291 "-" "python-requests/2.32.3"
203.0.113.56 - - [03/May/2026:00:04:02 +0900] "GET /api/products?page=2 HTTP/1.1" 200 1310 "-" "python-requests/2.32.3"
192.0.2.14 - - [03/May/2026:00:05:15 +0900] "GET /search?q=nginx HTTP/1.1" 200 5408 "https://example.internal/" "Mozilla/5.0 (X11; Linux x86_64) Gecko/20100101 Firefox/124.0"
192.0.2.14 - - [03/May/2026:00:05:18 +0900] "GET /api/search?q=nginx HTTP/1.1" 200 901 "-" "Mozilla/5.0 (X11; Linux x86_64) Gecko/20100101 Firefox/124.0"
203.0.113.211 - - [03/May/2026:00:06:33 +0900] "GET /login HTTP/1.1" 200 4120 "-" "Mozilla/5.0 (iPhone; CPU iPhone OS 17_4 like Mac OS X) AppleWebKit/605.1.15 (KHTML, like Gecko) Version/17.4 Mobile/15E148 Safari/604.1"
203.0.113.211 - - [03/May/2026:00:06:41 +0900] "POST /api/login HTTP/1.1" 401 331 "https://example.internal/login" "Mozilla/5.0 (iPhone; CPU iPhone OS 17_4 like Mac OS X) AppleWebKit/605.1.15 (KHTML, like Gecko) Version/17.4 Mobile/15E148 Safari/604.1"
203.0.113.211 - - [03/May/2026:00:07:03 +0900] "POST /api/login HTTP/1.1" 200 514 "https://example.internal/login" "Mozilla/5.0 (iPhone; CPU iPhone OS 17_4 like Mac OS X) AppleWebKit/605.1.15 (KHTML, like Gecko) Version/17.4 Mobile/15E148 Safari/604.1"
203.0.113.211 - - [03/May/2026:00:07:04 +0900] "GET /dashboard HTTP/1.1" 200 10413 "https://example.internal/" "Mozilla/5.0 (iPhone; CPU iPhone OS 17_4 like Mac OS X) AppleWebKit/605.1.15 (KHTML, like Gecko) Version/17.4 Mobile/15E148 Safari/604.1"
198.51.100.18 - - [03/May/2026:00:08:10 +0900] "GET /api/orders HTTP/1.1" 200 2491 "-" "PostmanRuntime/7.36.1"
203.0.113.7 - - [03/May/2026:00:09:49 +0900] "GET /api/orders/9182 HTTP/1.1" 200 1087 "-" "Mozilla/5.0 (Windows NT 10.0; Win64; x64; rv:124.0) Gecko/20100101 Firefox/124.0"
203.0.113.7 - - [03/May/2026:00:10:01 +0900] "GET /api/orders/9183 HTTP/1.1" 404 248 "-" "Mozilla/5.0 (Windows NT 10.0; Win64; x64; rv:124.0) Gecko/20100101 Firefox/124.0"
192.0.2.44 - - [03/May/2026:00:11:22 +0900] "GET /.git/config HTTP/1.1" 404 209 "-" "Mozilla/5.0 (compatible; zgrab/0.x)"
192.0.2.44 - - [03/May/2026:00:11:25 +0900] "GET /phpinfo.php HTTP/1.1" 404 209 "-" "Mozilla/5.0 (compatible; zgrab/0.x)"
198.51.100.31 - - [03/May/2026:00:12:49 +0900] "GET /api/search?q=%27%20OR%201%3D1-- HTTP/1.1" 400 392 "-" "Mozilla/5.0 (X11; Linux x86_64) AppleWebKit/537.36 (KHTML, like Gecko) Chrome/122.0.0.0 Safari/537.36"
198.51.100.31 - - [03/May/2026:00:12:52 +0900] "GET /api/search?q=%3Cscript%3Ealert(1)%3C%2Fscript%3E HTTP/1.1" 400 401 "-" "Mozilla/5.0 (X11; Linux x86_64) AppleWebKit/537.36 (KHTML, like Gecko) Chrome/122.0.0.0 Safari/537.36"
203.0.113.145 - - [03/May/2026:00:14:05 +0900] "GET /reports/weekly.pdf HTTP/1.1" 200 822144 "https://example.internal/reports" "Mozilla/5.0 (Macintosh; Intel Mac OS X 14_4) AppleWebKit/537.36 (KHTML, like Gecko) Chrome/123.0.0.0 Safari/537.36"
203.0.113.101 - - [03/May/2026:00:16:12 +0900] "GET /images/logo.png HTTP/1.1" 200 48211 "https://example.internal/" "Mozilla/5.0 (Windows NT 10.0; Win64; x64) AppleWebKit/537.36 (KHTML, like Gecko) Chrome/123.0.0.0 Safari/537.36"
203.0.113.101 - - [03/May/2026:00:16:19 +0900] "GET /static/fonts/inter.woff2 HTTP/1.1" 200 192344 "https://example.internal/" "Mozilla/5.0 (Windows NT 10.0; Win64; x64) AppleWebKit/537.36 (KHTML, like Gecko) Chrome/123.0.0.0 Safari/537.36"
192.0.2.188 - - [03/May/2026:00:18:01 +0900] "GET /api/products/999999 HTTP/1.1" 404 248 "-" "PostmanRuntime/7.36.1"
203.0.113.33 - - [03/May/2026:00:19:33 +0900] "POST /api/checkout HTTP/1.1" 502 611 "https://example.internal/checkout" "Mozilla/5.0 (Windows NT 10.0; Win64; x64) AppleWebKit/537.36 (KHTML, like Gecko) Chrome/123.0.0.0 Safari/537.36"
203.0.113.33 - - [03/May/2026:00:19:37 +0900] "POST /api/checkout HTTP/1.1" 200 712 "https://example.internal/checkout" "Mozilla/5.0 (Windows NT 10.0; Win64; x64) AppleWebKit/537.36 (KHTML, like Gecko) Chrome/123.0.0.0 Safari/537.36"
10.12.4.19 - - [03/May/2026:00:20:01 +0900] "GET /health HTTP/1.1" 200 17 "-" "curl/8.6.0"
172.16.2.8 - - [03/May/2026:00:20:34 +0900] "GET /api/status HTTP/1.1" 200 242 "-" "Prometheus/2.52.0"
203.0.113.88 - - [03/May/2026:00:22:48 +0900] "GET /docs/ HTTP/1.1" 200 9321 "-" "Mozilla/5.0 (Macintosh; Intel Mac OS X 14_4) AppleWebKit/605.1.15 (KHTML, like Gecko) Version/17.4 Safari/605.1.15"
203.0.113.88 - - [03/May/2026:00:23:02 +0900] "GET /docs/api HTTP/1.1" 200 10444 "https://example.internal/docs/" "Mozilla/5.0 (Macintosh; Intel Mac OS X 14_4) AppleWebKit/605.1.15 (KHTML, like Gecko) Version/17.4 Safari/605.1.15"
192.0.2.99 - - [03/May/2026:00:24:15 +0900] "GET /cart HTTP/1.1" 200 5212 "https://example.internal/products/42" "Mozilla/5.0 (iPad; CPU OS 17_4 like Mac OS X) AppleWebKit/605.1.15 (KHTML, like Gecko) Version/17.4 Mobile/15E148 Safari/604.1"
192.0.2.99 - - [03/May/2026:00:24:17 +0900] "GET /checkout HTTP/1.1" 200 6534 "https://example.internal/cart" "Mozilla/5.0 (iPad; CPU OS 17_4 like Mac OS X) AppleWebKit/605.1.15 (KHTML, like Gecko) Version/17.4 Mobile/15E148 Safari/604.1"
203.0.113.66 - - [03/May/2026:00:26:10 +0900] "GET /api/products?page=9 HTTP/1.1" 200 1319 "-" "python-requests/2.32.3"
203.0.113.66 - - [03/May/2026:00:26:13 +0900] "GET /api/products?page=10 HTTP/1.1" 200 1324 "-" "python-requests/2.32.3"
203.0.113.199 - - [03/May/2026:00:28:49 +0900] "GET /reports/sales.xlsx HTTP/1.1" 200 181044 "https://example.internal/reports" "Mozilla/5.0 (Windows NT 10.0; Win64; x64) AppleWebKit/537.36 (KHTML, like Gecko) Chrome/123.0.0.0 Safari/537.36"
192.0.2.121 - - [03/May/2026:00:30:05 +0900] "GET /api/metrics HTTP/1.1" 403 153 "-" "curl/8.6.0"
203.0.113.45 - - [03/May/2026:00:31:58 +0900] "GET /images/banner.jpg HTTP/1.1" 200 318441 "https://example.internal/" "Mozilla/5.0 (Macintosh; Intel Mac OS X 14_4) AppleWebKit/537.36 (KHTML, like Gecko) Chrome/123.0.0.0 Safari/537.36"
198.51.100.129 - - [03/May/2026:00:33:40 +0900] "GET /api/me HTTP/1.1" 200 634 "https://example.internal/dashboard" "Mozilla/5.0 (Windows NT 10.0; Win64; x64; rv:124.0) Gecko/20100101 Firefox/124.0"
198.51.100.129 - - [03/May/2026:00:33:44 +0900] "POST /api/logout HTTP/1.1" 204 0 "https://example.internal/dashboard" "Mozilla/5.0 (Windows NT 10.0; Win64; x64; rv:124.0) Gecko/20100101 Firefox/124.0"
192.0.2.33 - - [03/May/2026:00:36:12 +0900] "GET /robots.txt HTTP/1.1" 200 181 "-" "Mozilla/5.0 (compatible; Googlebot/2.1; +http://www.google.com/bot.html)"
192.0.2.33 - - [03/May/2026:00:36:15 +0900] "GET /sitemap.xml HTTP/1.1" 200 2311 "-" "Mozilla/5.0 (compatible; Googlebot/2.1; +http://www.google.com/bot.html)"
203.0.113.12 - - [03/May/2026:00:40:27 +0900] "GET / HTTP/1.1" 200 6123 "-" "Mozilla/5.0 (Windows NT 10.0; Win64; x64) AppleWebKit/537.36 (KHTML, like Gecko) Chrome/123.0.0.0 Safari/537.36"
203.0.113.12 - - [03/May/2026:00:40:33 +0900] "GET /assets/app.js HTTP/1.1" 200 231144 "https://example.internal/" "Mozilla/5.0 (Windows NT 10.0; Win64; x64) AppleWebKit/537.36 (KHTML, like Gecko) Chrome/123.0.0.0 Safari/537.36"
198.51.100.64 - - [03/May/2026:00:44:55 +0900] "GET /api/products?page=11 HTTP/1.1" 200 1325 "-" "python-requests/2.32.3"
198.51.100.64 - - [03/May/2026:00:45:01 +0900] "GET /api/products?page=12 HTTP/1.1" 200 1321 "-" "python-requests/2.32.3"
192.0.2.61 - - [03/May/2026:00:49:18 +0900] "GET /server-status HTTP/1.1" 404 209 "-" "Mozilla/5.0 (compatible; AhrefsBot/7.0; +http://ahrefs.com/robot/)"

203.0.113.45 - - [04/May/2026:00:00:11 +0900] "GET / HTTP/1.1" 200 6123 "-" "Mozilla/5.0 (Macintosh; Intel Mac OS X 14_4) AppleWebKit/605.1.15 (KHTML, like Gecko) Version/17.4 Safari/605.1.15"
198.51.100.23 - - [04/May/2026:00:01:02 +0900] "GET /assets/app.css HTTP/1.1" 200 18402 "https://example.internal/" "Mozilla/5.0 (Windows NT 10.0; Win64; x64) AppleWebKit/537.36 (KHTML, like Gecko) Chrome/123.0.0.0 Safari/537.36"
192.0.2.77 - - [04/May/2026:00:01:06 +0900] "GET /assets/app.js HTTP/1.1" 200 231144 "https://example.internal/" "Mozilla/5.0 (Windows NT 10.0; Win64; x64) AppleWebKit/537.36 (KHTML, like Gecko) Chrome/123.0.0.0 Safari/537.36"
203.0.113.88 - - [04/May/2026:00:02:49 +0900] "GET /docs/ HTTP/1.1" 200 9321 "-" "Mozilla/5.0 (X11; Linux x86_64) Gecko/20100101 Firefox/124.0"
203.0.113.88 - - [04/May/2026:00:03:02 +0900] "GET /docs/api HTTP/1.1" 200 10444 "https://example.internal/docs/" "Mozilla/5.0 (X11; Linux x86_64) Gecko/20100101 Firefox/124.0"
203.0.113.19 - - [04/May/2026:00:04:10 +0900] "GET /products HTTP/1.1" 200 7318 "https://example.internal/" "Mozilla/5.0 (Windows NT 10.0; Win64; x64; rv:124.0) Gecko/20100101 Firefox/124.0"
203.0.113.19 - - [04/May/2026:00:04:14 +0900] "GET /products/42 HTTP/1.1" 200 8231 "https://example.internal/products" "Mozilla/5.0 (Windows NT 10.0; Win64; x64; rv:124.0) Gecko/20100101 Firefox/124.0"
198.51.100.7 - - [04/May/2026:00:05:55 +0900] "GET /search?q=kubernetes HTTP/1.1" 200 5531 "-" "Mozilla/5.0 (iPhone; CPU iPhone OS 17_4 like Mac OS X) AppleWebKit/605.1.15 (KHTML, like Gecko) Version/17.4 Mobile/15E148 Safari/604.1"
198.51.100.7 - - [04/May/2026:00:05:58 +0900] "GET /api/search?q=kubernetes HTTP/1.1" 200 911 "-" "Mozilla/5.0 (iPhone; CPU iPhone OS 17_4 like Mac OS X) AppleWebKit/605.1.15 (KHTML, like Gecko) Version/17.4 Mobile/15E148 Safari/604.1"
203.0.113.101 - - [04/May/2026:00:07:20 +0900] "GET /login HTTP/1.1" 200 4120 "-" "Mozilla/5.0 (Macintosh; Intel Mac OS X 14_4) AppleWebKit/537.36 (KHTML, like Gecko) Chrome/123.0.0.0 Safari/537.36"
203.0.113.101 - - [04/May/2026:00:07:28 +0900] "POST /api/login HTTP/1.1" 200 514 "https://example.internal/login" "Mozilla/5.0 (Macintosh; Intel Mac OS X 14_4) AppleWebKit/537.36 (KHTML, like Gecko) Chrome/123.0.0.0 Safari/537.36"
203.0.113.101 - - [04/May/2026:00:07:29 +0900] "GET /dashboard HTTP/1.1" 200 10422 "https://example.internal/" "Mozilla/5.0 (Macintosh; Intel Mac OS X 14_4) AppleWebKit/537.36 (KHTML, like Gecko) Chrome/123.0.0.0 Safari/537.36"
198.51.100.18 - - [04/May/2026:00:08:41 +0900] "GET /api/orders?limit=20 HTTP/1.1" 200 2143 "-" "PostmanRuntime/7.36.1"
192.0.2.14 - - [04/May/2026:00:09:22 +0900] "GET /admin HTTP/1.1" 403 153 "-" "Mozilla/5.0 (X11; Linux x86_64) AppleWebKit/537.36 (KHTML, like Gecko) Chrome/122.0.0.0 Safari/537.36"
192.0.2.14 - - [04/May/2026:00:09:25 +0900] "GET /admin/login HTTP/1.1" 404 209 "-" "Mozilla/5.0 (X11; Linux x86_64) AppleWebKit/537.36 (KHTML, like Gecko) Chrome/122.0.0.0 Safari/537.36"
192.0.2.44 - - [04/May/2026:00:10:13 +0900] "GET /.env HTTP/1.1" 404 209 "-" "Mozilla/5.0 (compatible; zgrab/0.x)"
192.0.2.44 - - [04/May/2026:00:10:15 +0900] "GET /vendor/phpunit/phpunit/src/Util/PHP/eval-stdin.php HTTP/1.1" 404 209 "-" "Mozilla/5.0 (compatible; zgrab/0.x)"
198.51.100.31 - - [04/May/2026:00:11:47 +0900] "GET /api/search?q=%27%20OR%201%3D1-- HTTP/1.1" 400 392 "-" "Mozilla/5.0 (X11; Linux x86_64) AppleWebKit/537.36 (KHTML, like Gecko) Chrome/122.0.0.0 Safari/537.36"
198.51.100.31 - - [04/May/2026:00:11:50 +0900] "GET /api/search?q=%3Cscript%3Ealert(1)%3C%2Fscript%3E HTTP/1.1" 400 401 "-" "Mozilla/5.0 (X11; Linux x86_64) AppleWebKit/537.36 (KHTML, like Gecko) Chrome/122.0.0.0 Safari/537.36"
203.0.113.66 - - [04/May/2026:00:13:05 +0900] "GET /reports HTTP/1.1" 200 4215 "https://example.internal/" "Mozilla/5.0 (Windows NT 10.0; Win64; x64) AppleWebKit/537.36 (KHTML, like Gecko) Chrome/123.0.0.0 Safari/537.36"
203.0.113.66 - - [04/May/2026:00:13:08 +0900] "GET /reports/weekly.pdf HTTP/1.1" 200 822144 "https://example.internal/reports" "Mozilla/5.0 (Windows NT 10.0; Win64; x64) AppleWebKit/537.36 (KHTML, like Gecko) Chrome/123.0.0.0 Safari/537.36"
203.0.113.201 - - [04/May/2026:00:14:32 +0900] "GET /api/products?page=1 HTTP/1.1" 200 1291 "-" "python-requests/2.32.3"
203.0.113.201 - - [04/May/2026:00:14:35 +0900] "GET /api/products?page=2 HTTP/1.1" 200 1310 "-" "python-requests/2.32.3"
192.0.2.99 - - [04/May/2026:00:15:41 +0900] "GET /cart HTTP/1.1" 200 5210 "https://example.internal/products/42" "Mozilla/5.0 (iPad; CPU OS 17_4 like Mac OS X) AppleWebKit/605.1.15 (KHTML, like Gecko) Version/17.4 Mobile/15E148 Safari/604.1"
192.0.2.99 - - [04/May/2026:00:15:44 +0900] "GET /checkout HTTP/1.1" 200 6533 "https://example.internal/cart" "Mozilla/5.0 (iPad; CPU OS 17_4 like Mac OS X) AppleWebKit/605.1.15 (KHTML, like Gecko) Version/17.4 Mobile/15E148 Safari/604.1"
203.0.113.33 - - [04/May/2026:00:17:01 +0900] "POST /api/checkout HTTP/1.1" 200 712 "https://example.internal/checkout" "Mozilla/5.0 (Windows NT 10.0; Win64; x64) AppleWebKit/537.36 (KHTML, like Gecko) Chrome/123.0.0.0 Safari/537.36"
192.0.2.208 - - [04/May/2026:00:18:19 +0900] "GET /api/products/999999 HTTP/1.1" 404 248 "-" "PostmanRuntime/7.36.1"
203.0.113.145 - - [04/May/2026:00:19:59 +0900] "GET /images/banner.jpg HTTP/1.1" 200 318441 "https://example.internal/" "Mozilla/5.0 (Macintosh; Intel Mac OS X 14_4) AppleWebKit/537.36 (KHTML, like Gecko) Chrome/123.0.0.0 Safari/537.36"
203.0.113.145 - - [04/May/2026:00:20:01 +0900] "GET /images/logo.png HTTP/1.1" 200 48211 "https://example.internal/" "Mozilla/5.0 (Macintosh; Intel Mac OS X 14_4) AppleWebKit/537.36 (KHTML, like Gecko) Chrome/123.0.0.0 Safari/537.36"
10.12.4.19 - - [04/May/2026:00:20:02 +0900] "GET /health HTTP/1.1" 200 17 "-" "curl/8.6.0"
172.16.2.8 - - [04/May/2026:00:20:33 +0900] "GET /api/status HTTP/1.1" 200 242 "-" "Prometheus/2.52.0"
192.0.2.33 - - [04/May/2026:00:22:09 +0900] "GET /robots.txt HTTP/1.1" 200 181 "-" "Mozilla/5.0 (compatible; Googlebot/2.1; +http://www.google.com/bot.html)"
192.0.2.33 - - [04/May/2026:00:22:12 +0900] "GET /sitemap.xml HTTP/1.1" 200 2311 "-" "Mozilla/5.0 (compatible; Googlebot/2.1; +http://www.google.com/bot.html)"
198.51.100.129 - - [04/May/2026:00:23:48 +0900] "GET /api/me HTTP/1.1" 200 634 "https://example.internal/dashboard" "Mozilla/5.0 (Windows NT 10.0; Win64; x64; rv:124.0) Gecko/20100101 Firefox/124.0"
198.51.100.129 - - [04/May/2026:00:23:52 +0900] "POST /api/logout HTTP/1.1" 204 0 "https://example.internal/dashboard" "Mozilla/5.0 (Windows NT 10.0; Win64; x64; rv:124.0) Gecko/20100101 Firefox/124.0"
203.0.113.12 - - [04/May/2026:00:26:10 +0900] "GET /api/products?page=3 HTTP/1.1" 200 1302 "-" "python-requests/2.32.3"
203.0.113.12 - - [04/May/2026:00:26:13 +0900] "GET /api/products?page=4 HTTP/1.1" 200 1311 "-" "python-requests/2.32.3"
198.51.100.64 - - [04/May/2026:00:28:01 +0900] "GET /static/fonts/inter.woff2 HTTP/1.1" 200 192344 "https://example.internal/" "Mozilla/5.0 (iPhone; CPU iPhone OS 17_4 like Mac OS X) AppleWebKit/605.1.15 (KHTML, like Gecko) Version/17.4 Mobile/15E148 Safari/604.1"
198.51.100.64 - - [04/May/2026:00:28:05 +0900] "GET /assets/app.js HTTP/1.1" 200 231144 "https://example.internal/" "Mozilla/5.0 (iPhone; CPU iPhone OS 17_4 like Mac OS X) AppleWebKit/605.1.15 (KHTML, like Gecko) Version/17.4 Mobile/15E148 Safari/604.1"
203.0.113.56 - - [04/May/2026:00:30:27 +0900] "GET /api/products?page=5 HTTP/1.1" 200 1320 "-" "python-requests/2.32.3"
203.0.113.56 - - [04/May/2026:00:30:31 +0900] "GET /api/products?page=6 HTTP/1.1" 200 1318 "-" "python-requests/2.32.3"
192.0.2.61 - - [04/May/2026:00:33:17 +0900] "GET /server-status HTTP/1.1" 404 209 "-" "Mozilla/5.0 (compatible; AhrefsBot/7.0; +http://ahrefs.com/robot/)"
192.0.2.9 - - [04/May/2026:00:34:05 +0900] "GET /api/metrics HTTP/1.1" 403 153 "-" "curl/8.6.0"
198.51.100.90 - - [04/May/2026:00:36:21 +0900] "GET / HTTP/1.1" 200 6123 "-" "Mozilla/5.0 (Macintosh; Intel Mac OS X 14_4) AppleWebKit/605.1.15 (KHTML, like Gecko) Version/17.4 Safari/605.1.15"
198.51.100.90 - - [04/May/2026:00:36:25 +0900] "GET /assets/app.css HTTP/1.1" 200 18402 "https://example.internal/" "Mozilla/5.0 (Macintosh; Intel Mac OS X 14_4) AppleWebKit/605.1.15 (KHTML, like Gecko) Version/17.4 Safari/605.1.15"
192.0.2.121 - - [04/May/2026:00:40:10 +0900] "GET /api/products?page=7 HTTP/1.1" 200 1319 "-" "python-requests/2.32.3"
192.0.2.121 - - [04/May/2026:00:40:14 +0900] "GET /api/products?page=8 HTTP/1.1" 200 1321 "-" "python-requests/2.32.3"
203.0.113.77 - - [04/May/2026:00:44:44 +0900] "GET /reports/sales.xlsx HTTP/1.1" 200 181044 "https://example.internal/reports" "Mozilla/5.0 (Windows NT 10.0; Win64; x64) AppleWebKit/537.36 (KHTML, like Gecko) Chrome/123.0.0.0 Safari/537.36"
203.0.113.45 - - [04/May/2026:00:49:59 +0900] "GET /api/products?page=9 HTTP/1.1" 200 1319 "-" "python-requests/2.32.3"
203.0.113.45 - - [04/May/2026:00:50:03 +0900] "GET /api/products?page=10 HTTP/1.1" 200 1324 "-" "python-requests/2.32.3"
203.0.113.7 - - [04/May/2026:00:54:33 +0900] "GET /api/orders/9182 HTTP/1.1" 200 1087 "-" "Mozilla/5.0 (Windows NT 10.0; Win64; x64; rv:124.0) Gecko/20100101 Firefox/124.0"

203.0.113.12 - - [05/May/2026:00:00:22 +0900] "GET / HTTP/1.1" 200 6123 "-" "Mozilla/5.0 (Windows NT 10.0; Win64; x64) AppleWebKit/537.36 (KHTML, like Gecko) Chrome/123.0.0.0 Safari/537.36"
203.0.113.12 - - [05/May/2026:00:00:26 +0900] "GET /assets/app.js HTTP/1.1" 200 231144 "https://example.internal/" "Mozilla/5.0 (Windows NT 10.0; Win64; x64) AppleWebKit/537.36 (KHTML, like Gecko) Chrome/123.0.0.0 Safari/537.36"
198.51.100.23 - - [05/May/2026:00:01:11 +0900] "GET /assets/app.css HTTP/1.1" 200 18402 "https://example.internal/" "Mozilla/5.0 (Windows NT 10.0; Win64; x64) AppleWebKit/537.36 (KHTML, like Gecko) Chrome/123.0.0.0 Safari/537.36"
203.0.113.56 - - [05/May/2026:00:02:39 +0900] "GET /products HTTP/1.1" 200 7312 "https://example.internal/" "Mozilla/5.0 (Macintosh; Intel Mac OS X 14_4) AppleWebKit/537.36 (KHTML, like Gecko) Chrome/123.0.0.0 Safari/537.36"
203.0.113.56 - - [05/May/2026:00:02:43 +0900] "GET /api/products?page=1 HTTP/1.1" 200 1291 "https://example.internal/products" "Mozilla/5.0 (Macintosh; Intel Mac OS X 14_4) AppleWebKit/537.36 (KHTML, like Gecko) Chrome/123.0.0.0 Safari/537.36"
198.51.100.56 - - [05/May/2026:00:03:58 +0900] "GET /search?q=terraform HTTP/1.1" 200 5510 "-" "Mozilla/5.0 (iPhone; CPU iPhone OS 17_4 like Mac OS X) AppleWebKit/605.1.15 (KHTML, like Gecko) Version/17.4 Mobile/15E148 Safari/604.1"
198.51.100.56 - - [05/May/2026:00:04:01 +0900] "GET /api/search?q=terraform HTTP/1.1" 200 909 "-" "Mozilla/5.0 (iPhone; CPU iPhone OS 17_4 like Mac OS X) AppleWebKit/605.1.15 (KHTML, like Gecko) Version/17.4 Mobile/15E148 Safari/604.1"
192.0.2.140 - - [05/May/2026:00:05:21 +0900] "GET /login HTTP/1.1" 200 4120 "-" "Mozilla/5.0 (Windows NT 10.0; Win64; x64; rv:124.0) Gecko/20100101 Firefox/124.0"
192.0.2.140 - - [05/May/2026:00:05:29 +0900] "POST /api/login HTTP/1.1" 200 514 "https://example.internal/login" "Mozilla/5.0 (Windows NT 10.0; Win64; x64; rv:124.0) Gecko/20100101 Firefox/124.0"
192.0.2.140 - - [05/May/2026:00:05:31 +0900] "GET /dashboard HTTP/1.1" 200 10419 "https://example.internal/" "Mozilla/5.0 (Windows NT 10.0; Win64; x64; rv:124.0) Gecko/20100101 Firefox/124.0"
203.0.113.101 - - [05/May/2026:00:06:44 +0900] "GET /api/orders HTTP/1.1" 401 276 "-" "PostmanRuntime/7.36.1"
203.0.113.101 - - [05/May/2026:00:06:47 +0900] "POST /api/login HTTP/1.1" 200 513 "-" "PostmanRuntime/7.36.1"
203.0.113.101 - - [05/May/2026:00:06:51 +0900] "GET /api/orders HTTP/1.1" 200 2488 "-" "PostmanRuntime/7.36.1"
192.0.2.9 - - [05/May/2026:00:07:59 +0900] "GET /admin HTTP/1.1" 403 153 "-" "Mozilla/5.0 (X11; Linux x86_64) AppleWebKit/537.36 (KHTML, like Gecko) Chrome/122.0.0.0 Safari/537.36"
192.0.2.9 - - [05/May/2026:00:08:03 +0900] "GET /admin/login HTTP/1.1" 404 209 "-" "Mozilla/5.0 (X11; Linux x86_64) AppleWebKit/537.36 (KHTML, like Gecko) Chrome/122.0.0.0 Safari/537.36"
192.0.2.44 - - [05/May/2026:00:09:11 +0900] "GET /.git/config HTTP/1.1" 404 209 "-" "Mozilla/5.0 (compatible; zgrab/0.x)"
192.0.2.44 - - [05/May/2026:00:09:15 +0900] "GET /actuator/health HTTP/1.1" 404 209 "-" "Mozilla/5.0 (compatible; zgrab/0.x)"
198.51.100.89 - - [05/May/2026:00:10:44 +0900] "GET /wp-admin HTTP/1.1" 404 209 "-" "Mozilla/5.0 (compatible; AhrefsBot/7.0; +http://ahrefs.com/robot/)"
198.51.100.89 - - [05/May/2026:00:10:46 +0900] "GET /wp-login.php HTTP/1.1" 404 209 "-" "Mozilla/5.0 (compatible; AhrefsBot/7.0; +http://ahrefs.com/robot/)"
198.51.100.31 - - [05/May/2026:00:11:55 +0900] "GET /api/search?q=%27%20OR%201%3D1-- HTTP/1.1" 400 392 "-" "Mozilla/5.0 (X11; Linux x86_64) AppleWebKit/537.36 (KHTML, like Gecko) Chrome/122.0.0.0 Safari/537.36"
198.51.100.31 - - [05/May/2026:00:11:58 +0900] "GET /api/search?q=%3Cscript%3Ealert(1)%3C%2Fscript%3E HTTP/1.1" 400 401 "-" "Mozilla/5.0 (X11; Linux x86_64) AppleWebKit/537.36 (KHTML, like Gecko) Chrome/122.0.0.0 Safari/537.36"
203.0.113.66 - - [05/May/2026:00:13:21 +0900] "GET /reports/weekly.pdf HTTP/1.1" 200 822144 "https://example.internal/reports" "Mozilla/5.0 (Windows NT 10.0; Win64; x64) AppleWebKit/537.36 (KHTML, like Gecko) Chrome/123.0.0.0 Safari/537.36"
203.0.113.66 - - [05/May/2026:00:14:10 +0900] "GET /reports/sales.xlsx HTTP/1.1" 200 181044 "https://example.internal/reports" "Mozilla/5.0 (Windows NT 10.0; Win64; x64) AppleWebKit/537.36 (KHTML, like Gecko) Chrome/123.0.0.0 Safari/537.36"
203.0.113.201 - - [05/May/2026:00:15:39 +0900] "GET /cart HTTP/1.1" 200 5210 "https://example.internal/products/42" "Mozilla/5.0 (iPad; CPU OS 17_4 like Mac OS X) AppleWebKit/605.1.15 (KHTML, like Gecko) Version/17.4 Mobile/15E148 Safari/604.1"
203.0.113.201 - - [05/May/2026:00:15:41 +0900] "GET /checkout HTTP/1.1" 200 6533 "https://example.internal/cart" "Mozilla/5.0 (iPad; CPU OS 17_4 like Mac OS X) AppleWebKit/605.1.15 (KHTML, like Gecko) Version/17.4 Mobile/15E148 Safari/604.1"
192.0.2.208 - - [05/May/2026:00:16:55 +0900] "GET /api/products/999999 HTTP/1.1" 404 248 "-" "PostmanRuntime/7.36.1"
203.0.113.145 - - [05/May/2026:00:18:29 +0900] "GET /static/fonts/inter.woff2 HTTP/1.1" 200 192344 "https://example.internal/" "Mozilla/5.0 (Macintosh; Intel Mac OS X 14_4) AppleWebKit/537.36 (KHTML, like Gecko) Chrome/123.0.0.0 Safari/537.36"
203.0.113.145 - - [05/May/2026:00:18:33 +0900] "GET /assets/app.css HTTP/1.1" 200 18402 "https://example.internal/" "Mozilla/5.0 (Macintosh; Intel Mac OS X 14_4) AppleWebKit/537.36 (KHTML, like Gecko) Chrome/123.0.0.0 Safari/537.36"
10.12.4.19 - - [05/May/2026:00:20:01 +0900] "GET /health HTTP/1.1" 200 17 "-" "curl/8.6.0"
172.16.2.8 - - [05/May/2026:00:20:33 +0900] "GET /api/status HTTP/1.1" 200 242 "-" "Prometheus/2.52.0"
192.0.2.33 - - [05/May/2026:00:22:22 +0900] "GET /robots.txt HTTP/1.1" 200 181 "-" "Mozilla/5.0 (compatible; Googlebot/2.1; +http://www.google.com/bot.html)"
192.0.2.33 - - [05/May/2026:00:22:25 +0900] "GET /sitemap.xml HTTP/1.1" 200 2311 "-" "Mozilla/5.0 (compatible; Googlebot/2.1; +http://www.google.com/bot.html)"
203.0.113.45 - - [05/May/2026:00:24:40 +0900] "GET /images/logo.png HTTP/1.1" 200 48211 "https://example.internal/" "Mozilla/5.0 (Windows NT 10.0; Win64; x64) AppleWebKit/537.36 (KHTML, like Gecko) Chrome/123.0.0.0 Safari/537.36"
198.51.100.64 - - [05/May/2026:00:26:55 +0900] "GET /api/me HTTP/1.1" 200 634 "https://example.internal/dashboard" "Mozilla/5.0 (Windows NT 10.0; Win64; x64; rv:124.0) Gecko/20100101 Firefox/124.0"
198.51.100.64 - - [05/May/2026:00:26:58 +0900] "POST /api/logout HTTP/1.1" 204 0 "https://example.internal/dashboard" "Mozilla/5.0 (Windows NT 10.0; Win64; x64; rv:124.0) Gecko/20100101 Firefox/124.0"
203.0.113.88 - - [05/May/2026:00:28:33 +0900] "GET /api/products?page=3 HTTP/1.1" 200 1302 "-" "python-requests/2.32.3"
203.0.113.88 - - [05/May/2026:00:28:37 +0900] "GET /api/products?page=4 HTTP/1.1" 200 1311 "-" "python-requests/2.32.3"
198.51.100.90 - - [05/May/2026:00:31:10 +0900] "GET /api/products?page=5 HTTP/1.1" 200 1320 "-" "python-requests/2.32.3"
198.51.100.90 - - [05/May/2026:00:31:15 +0900] "GET /api/products?page=6 HTTP/1.1" 200 1318 "-" "python-requests/2.32.3"
192.0.2.61 - - [05/May/2026:00:34:12 +0900] "GET /server-status HTTP/1.1" 404 209 "-" "Mozilla/5.0 (compatible; AhrefsBot/7.0; +http://ahrefs.com/robot/)"
192.0.2.121 - - [05/May/2026:00:38:40 +0900] "GET /api/products?page=7 HTTP/1.1" 200 1319 "-" "python-requests/2.32.3"
192.0.2.121 - - [05/May/2026:00:38:44 +0900] "GET /api/products?page=8 HTTP/1.1" 200 1321 "-" "python-requests/2.32.3"
203.0.113.7 - - [05/May/2026:00:43:02 +0900] "GET /api/orders/9182 HTTP/1.1" 200 1087 "-" "Mozilla/5.0 (Windows NT 10.0; Win64; x64; rv:124.0) Gecko/20100101 Firefox/124.0"
203.0.113.7 - - [05/May/2026:00:43:13 +0900] "GET /api/orders/999999 HTTP/1.1" 404 248 "-" "Mozilla/5.0 (Windows NT 10.0; Win64; x64; rv:124.0) Gecko/20100101 Firefox/124.0"
192.0.2.9 - - [05/May/2026:00:50:27 +0900] "GET /api/metrics HTTP/1.1" 403 153 "-" "curl/8.6.0"
203.0.113.45 - - [05/May/2026:00:55:49 +0900] "GET / HTTP/1.1" 200 6123 "-" "Mozilla/5.0 (Macintosh; Intel Mac OS X 14_4) AppleWebKit/605.1.15 (KHTML, like Gecko) Version/17.4 Safari/605.1.15"

203.0.113.45 - - [06/May/2026:00:00:18 +0900] "GET / HTTP/1.1" 200 6123 "-" "Mozilla/5.0 (Macintosh; Intel Mac OS X 14_4) AppleWebKit/605.1.15 (KHTML, like Gecko) Version/17.4 Safari/605.1.15"
198.51.100.23 - - [06/May/2026:00:01:01 +0900] "GET /assets/app.css HTTP/1.1" 200 18402 "https://example.internal/" "Mozilla/5.0 (Windows NT 10.0; Win64; x64) AppleWebKit/537.36 (KHTML, like Gecko) Chrome/123.0.0.0 Safari/537.36"
192.0.2.77 - - [06/May/2026:00:01:05 +0900] "GET /assets/app.js HTTP/1.1" 200 231144 "https://example.internal/" "Mozilla/5.0 (Windows NT 10.0; Win64; x64) AppleWebKit/537.36 (KHTML, like Gecko) Chrome/123.0.0.0 Safari/537.36"
203.0.113.12 - - [06/May/2026:00:02:40 +0900] "GET /products HTTP/1.1" 200 7312 "https://example.internal/" "Mozilla/5.0 (X11; Linux x86_64) Gecko/20100101 Firefox/124.0"
203.0.113.12 - - [06/May/2026:00:02:44 +0900] "GET /api/products?page=1 HTTP/1.1" 200 1291 "https://example.internal/products" "Mozilla/5.0 (X11; Linux x86_64) Gecko/20100101 Firefox/124.0"
198.51.100.56 - - [06/May/2026:00:03:57 +0900] "GET /search?q=ansible HTTP/1.1" 200 5491 "-" "Mozilla/5.0 (iPhone; CPU iPhone OS 17_4 like Mac OS X) AppleWebKit/605.1.15 (KHTML, like Gecko) Version/17.4 Mobile/15E148 Safari/604.1"
198.51.100.56 - - [06/May/2026:00:04:00 +0900] "GET /api/search?q=ansible HTTP/1.1" 200 908 "-" "Mozilla/5.0 (iPhone; CPU iPhone OS 17_4 like Mac OS X) AppleWebKit/605.1.15 (KHTML, like Gecko) Version/17.4 Mobile/15E148 Safari/604.1"
192.0.2.140 - - [06/May/2026:00:05:19 +0900] "GET /login HTTP/1.1" 200 4120 "-" "Mozilla/5.0 (Windows NT 10.0; Win64; x64; rv:124.0) Gecko/20100101 Firefox/124.0"
192.0.2.140 - - [06/May/2026:00:05:26 +0900] "POST /api/login HTTP/1.1" 200 514 "https://example.internal/login" "Mozilla/5.0 (Windows NT 10.0; Win64; x64; rv:124.0) Gecko/20100101 Firefox/124.0"
192.0.2.140 - - [06/May/2026:00:05:27 +0900] "GET /dashboard HTTP/1.1" 200 10419 "https://example.internal/" "Mozilla/5.0 (Windows NT 10.0; Win64; x64; rv:124.0) Gecko/20100101 Firefox/124.0"
203.0.113.101 - - [06/May/2026:00:06:41 +0900] "GET /api/orders HTTP/1.1" 401 276 "-" "PostmanRuntime/7.36.1"
203.0.113.101 - - [06/May/2026:00:06:44 +0900] "POST /api/login HTTP/1.1" 200 513 "-" "PostmanRuntime/7.36.1"
203.0.113.101 - - [06/May/2026:00:06:47 +0900] "GET /api/orders HTTP/1.1" 200 2488 "-" "PostmanRuntime/7.36.1"
192.0.2.9 - - [06/May/2026:00:07:58 +0900] "GET /admin HTTP/1.1" 403 153 "-" "Mozilla/5.0 (X11; Linux x86_64) AppleWebKit/537.36 (KHTML, like Gecko) Chrome/122.0.0.0 Safari/537.36"
192.0.2.9 - - [06/May/2026:00:08:02 +0900] "GET /admin/login HTTP/1.1" 404 209 "-" "Mozilla/5.0 (X11; Linux x86_64) AppleWebKit/537.36 (KHTML, like Gecko) Chrome/122.0.0.0 Safari/537.36"
192.0.2.44 - - [06/May/2026:00:09:10 +0900] "GET /.git/config HTTP/1.1" 404 209 "-" "Mozilla/5.0 (compatible; zgrab/0.x)"
192.0.2.44 - - [06/May/2026:00:09:13 +0900] "GET /actuator/health HTTP/1.1" 404 209 "-" "Mozilla/5.0 (compatible; zgrab/0.x)"
198.51.100.89 - - [06/May/2026:00:10:43 +0900] "GET /wp-admin HTTP/1.1" 404 209 "-" "Mozilla/5.0 (compatible; AhrefsBot/7.0; +http://ahrefs.com/robot/)"
198.51.100.89 - - [06/May/2026:00:10:45 +0900] "GET /wp-login.php HTTP/1.1" 404 209 "-" "Mozilla/5.0 (compatible; AhrefsBot/7.0; +http://ahrefs.com/robot/)"
198.51.100.31 - - [06/May/2026:00:11:53 +0900] "GET /api/search?q=%27%20OR%201%3D1-- HTTP/1.1" 400 392 "-" "Mozilla/5.0 (X11; Linux x86_64) AppleWebKit/537.36 (KHTML, like Gecko) Chrome/122.0.0.0 Safari/537.36"
198.51.100.31 - - [06/May/2026:00:11:56 +0900] "GET /api/search?q=%3Cscript%3Ealert(1)%3C%2Fscript%3E HTTP/1.1" 400 401 "-" "Mozilla/5.0 (X11; Linux x86_64) AppleWebKit/537.36 (KHTML, like Gecko) Chrome/122.0.0.0 Safari/537.36"
203.0.113.66 - - [06/May/2026:00:13:20 +0900] "GET /reports/weekly.pdf HTTP/1.1" 200 822144 "https://example.internal/reports" "Mozilla/5.0 (Windows NT 10.0; Win64; x64) AppleWebKit/537.36 (KHTML, like Gecko) Chrome/123.0.0.0 Safari/537.36"
203.0.113.66 - - [06/May/2026:00:14:08 +0900] "GET /reports/sales.xlsx HTTP/1.1" 200 181044 "https://example.internal/reports" "Mozilla/5.0 (Windows NT 10.0; Win64; x64) AppleWebKit/537.36 (KHTML, like Gecko) Chrome/123.0.0.0 Safari/537.36"
